2026-08-15 16:54:47,719 ERROR selection attempt failed
Traceback (most recent call last):
  File "/home/runner/work/stock-pool/stock-pool/scripts/run_selection.py", line 184, in execute
    rows, pro = fetch_daily(target_day.strftime("%Y%m%d"))
                ^^^^^^^^^^^^^^^^^^^^^^^^^^^^^^^^^^^^^^^^^^
  File "/home/runner/work/stock-pool/stock-pool/scripts/run_selection.py", line 65, in fetch_daily
    frame = pro.daily(trade_date=trade_date)
            ^^^^^^^^^^^^^^^^^^^^^^^^^^^^^^^^
  File "/opt/hostedtoolcache/Python/3.12.13/x64/lib/python3.12/site-packages/tushare/pro/client.py", line 46, in query
    raise Exception(result['msg'])
Exception: 抱歉，您没有接口(daily)访问权限，权限的具体详情访问：https://tushare.pro/document/1?doc_id=108。
2026-08-15 16:59:48,656 ERROR selection attempt failed
Traceback (most recent call last):
  File "/home/runner/work/stock-pool/stock-pool/scripts/run_selection.py", line 184, in execute
    rows, pro = fetch_daily(target_day.strftime("%Y%m%d"))
                ^^^^^^^^^^^^^^^^^^^^^^^^^^^^^^^^^^^^^^^^^^
  File "/home/runner/work/stock-pool/stock-pool/scripts/run_selection.py", line 65, in fetch_daily
    frame = pro.daily(trade_date=trade_date)
            ^^^^^^^^^^^^^^^^^^^^^^^^^^^^^^^^
  File "/opt/hostedtoolcache/Python/3.12.13/x64/lib/python3.12/site-packages/tushare/pro/client.py", line 46, in query
    raise Exception(result['msg'])
Exception: 抱歉，您没有接口(daily)访问权限，权限的具体详情访问：https://tushare.pro/document/1?doc_id=108。
2026-08-15 17:14:49,616 ERROR selection attempt failed
Traceback (most recent call last):
  File "/home/runner/work/stock-pool/stock-pool/scripts/run_selection.py", line 184, in execute
    rows, pro = fetch_daily(target_day.strftime("%Y%m%d"))
                ^^^^^^^^^^^^^^^^^^^^^^^^^^^^^^^^^^^^^^^^^^
  File "/home/runner/work/stock-pool/stock-pool/scripts/run_selection.py", line 65, in fetch_daily
    frame = pro.daily(trade_date=trade_date)
            ^^^^^^^^^^^^^^^^^^^^^^^^^^^^^^^^
  File "/opt/hostedtoolcache/Python/3.12.13/x64/lib/python3.12/site-packages/tushare/pro/client.py", line 46, in query
    raise Exception(result['msg'])
Exception: 抱歉，您没有接口(daily)访问权限，权限的具体详情访问：https://tushare.pro/document/1?doc_id=108。
2026-08-15 17:28:29,897 ERROR selection attempt failed
Traceback (most recent call last):
  File "/home/runner/work/stock-pool/stock-pool/scripts/run_selection.py", line 208, in execute
    rows, pro = fetch_daily(target_day.strftime("%Y%m%d"))
                ^^^^^^^^^^^^^^^^^^^^^^^^^^^^^^^^^^^^^^^^^^
  File "/home/runner/work/stock-pool/stock-pool/scripts/run_selection.py", line 66, in fetch_daily
    frame = pro.daily(trade_date=trade_date)
            ^^^^^^^^^^^^^^^^^^^^^^^^^^^^^^^^
  File "/opt/hostedtoolcache/Python/3.12.13/x64/lib/python3.12/site-packages/tushare/pro/client.py", line 46, in query
    raise Exception(result['msg'])
Exception: 抱歉，您没有接口(daily)访问权限，权限的具体详情访问：https://tushare.pro/document/1?doc_id=108。
2026-08-15 17:33:31,136 ERROR selection attempt failed
Traceback (most recent call last):
  File "/home/runner/work/stock-pool/stock-pool/scripts/run_selection.py", line 208, in execute
    rows, pro = fetch_daily(target_day.strftime("%Y%m%d"))
                ^^^^^^^^^^^^^^^^^^^^^^^^^^^^^^^^^^^^^^^^^^
  File "/home/runner/work/stock-pool/stock-pool/scripts/run_selection.py", line 66, in fetch_daily
    frame = pro.daily(trade_date=trade_date)
            ^^^^^^^^^^^^^^^^^^^^^^^^^^^^^^^^
  File "/opt/hostedtoolcache/Python/3.12.13/x64/lib/python3.12/site-packages/tushare/pro/client.py", line 46, in query
    raise Exception(result['msg'])
Exception: 抱歉，您没有接口(daily)访问权限，权限的具体详情访问：https://tushare.pro/document/1?doc_id=108。
2026-08-15 17:48:32,088 ERROR selection attempt failed
Traceback (most recent call last):
  File "/home/runner/work/stock-pool/stock-pool/scripts/run_selection.py", line 208, in execute
    rows, pro = fetch_daily(target_day.strftime("%Y%m%d"))
                ^^^^^^^^^^^^^^^^^^^^^^^^^^^^^^^^^^^^^^^^^^
  File "/home/runner/work/stock-pool/stock-pool/scripts/run_selection.py", line 66, in fetch_daily
    frame = pro.daily(trade_date=trade_date)
            ^^^^^^^^^^^^^^^^^^^^^^^^^^^^^^^^
  File "/opt/hostedtoolcache/Python/3.12.13/x64/lib/python3.12/site-packages/tushare/pro/client.py", line 46, in query
    raise Exception(result['msg'])
Exception: 抱歉，您没有接口(daily)访问权限，权限的具体详情访问：https://tushare.pro/document/1?doc_id=108。
2026-08-15 18:01:32,915 ERROR selection attempt failed
Traceback (most recent call last):
  File "/home/runner/work/stock-pool/stock-pool/scripts/run_selection.py", line 214, in execute
    rows, pro = fetch_daily(target_day.strftime("%Y%m%d"))
                ^^^^^^^^^^^^^^^^^^^^^^^^^^^^^^^^^^^^^^^^^^
  File "/home/runner/work/stock-pool/stock-pool/scripts/run_selection.py", line 67, in fetch_daily
    frame = pro.daily(trade_date=trade_date)
            ^^^^^^^^^^^^^^^^^^^^^^^^^^^^^^^^
  File "/opt/hostedtoolcache/Python/3.12.13/x64/lib/python3.12/site-packages/tushare/pro/client.py", line 46, in query
    raise Exception(result['msg'])
Exception: 抱歉，您没有接口(daily)访问权限，权限的具体详情访问：https://tushare.pro/document/1?doc_id=108。
2026-08-15 18:06:33,589 ERROR selection attempt failed
Traceback (most recent call last):
  File "/home/runner/work/stock-pool/stock-pool/scripts/run_selection.py", line 214, in execute
    rows, pro = fetch_daily(target_day.strftime("%Y%m%d"))
                ^^^^^^^^^^^^^^^^^^^^^^^^^^^^^^^^^^^^^^^^^^
  File "/home/runner/work/stock-pool/stock-pool/scripts/run_selection.py", line 67, in fetch_daily
    frame = pro.daily(trade_date=trade_date)
            ^^^^^^^^^^^^^^^^^^^^^^^^^^^^^^^^
  File "/opt/hostedtoolcache/Python/3.12.13/x64/lib/python3.12/site-packages/tushare/pro/client.py", line 46, in query
    raise Exception(result['msg'])
Exception: 抱歉，您没有接口(daily)访问权限，权限的具体详情访问：https://tushare.pro/document/1?doc_id=108。
2026-08-15 20:31:51,041 ERROR selection attempt failed
Traceback (most recent call last):
  File "/home/runner/work/stock-pool/stock-pool/scripts/run_selection.py", line 214, in execute
    rows, pro = fetch_daily(target_day.strftime("%Y%m%d"))
                ^^^^^^^^^^^^^^^^^^^^^^^^^^^^^^^^^^^^^^^^^^
  File "/home/runner/work/stock-pool/stock-pool/scripts/run_selection.py", line 67, in fetch_daily
    frame = pro.daily(trade_date=trade_date)
            ^^^^^^^^^^^^^^^^^^^^^^^^^^^^^^^^
  File "/opt/hostedtoolcache/Python/3.12.13/x64/lib/python3.12/site-packages/tushare/pro/client.py", line 46, in query
    raise Exception(result['msg'])
Exception: 抱歉，您没有接口(daily)访问权限，权限的具体详情访问：https://tushare.pro/document/1?doc_id=108。
2026-08-15 20:36:51,695 ERROR selection attempt failed
Traceback (most recent call last):
  File "/home/runner/work/stock-pool/stock-pool/scripts/run_selection.py", line 214, in execute
    rows, pro = fetch_daily(target_day.strftime("%Y%m%d"))
                ^^^^^^^^^^^^^^^^^^^^^^^^^^^^^^^^^^^^^^^^^^
  File "/home/runner/work/stock-pool/stock-pool/scripts/run_selection.py", line 67, in fetch_daily
    frame = pro.daily(trade_date=trade_date)
            ^^^^^^^^^^^^^^^^^^^^^^^^^^^^^^^^
  File "/opt/hostedtoolcache/Python/3.12.13/x64/lib/python3.12/site-packages/tushare/pro/client.py", line 46, in query
    raise Exception(result['msg'])
Exception: 抱歉，您没有接口(daily)访问权限，权限的具体详情访问：https://tushare.pro/document/1?doc_id=108。
2026-08-15 20:51:52,520 ERROR selection attempt failed
Traceback (most recent call last):
  File "/home/runner/work/stock-pool/stock-pool/scripts/run_selection.py", line 214, in execute
    rows, pro = fetch_daily(target_day.strftime("%Y%m%d"))
                ^^^^^^^^^^^^^^^^^^^^^^^^^^^^^^^^^^^^^^^^^^
  File "/home/runner/work/stock-pool/stock-pool/scripts/run_selection.py", line 67, in fetch_daily
    frame = pro.daily(trade_date=trade_date)
            ^^^^^^^^^^^^^^^^^^^^^^^^^^^^^^^^
  File "/opt/hostedtoolcache/Python/3.12.13/x64/lib/python3.12/site-packages/tushare/pro/client.py", line 46, in query
    raise Exception(result['msg'])
Exception: 抱歉，您没有接口(daily)访问权限，权限的具体详情访问：https://tushare.pro/document/1?doc_id=108。
2026-08-15 21:21:53,090 ERROR selection attempt failed
Traceback (most recent call last):
  File "/home/runner/work/stock-pool/stock-pool/scripts/run_selection.py", line 214, in execute
    rows, pro = fetch_daily(target_day.strftime("%Y%m%d"))
                ^^^^^^^^^^^^^^^^^^^^^^^^^^^^^^^^^^^^^^^^^^
  File "/home/runner/work/stock-pool/stock-pool/scripts/run_selection.py", line 67, in fetch_daily
    frame = pro.daily(trade_date=trade_date)
            ^^^^^^^^^^^^^^^^^^^^^^^^^^^^^^^^
  File "/opt/hostedtoolcache/Python/3.12.13/x64/lib/python3.12/site-packages/tushare/pro/client.py", line 46, in query
    raise Exception(result['msg'])
Exception: 抱歉，您没有接口(daily)访问权限，权限的具体详情访问：https://tushare.pro/document/1?doc_id=108。
2026-08-16 02:21:13,330 ERROR selection attempt failed
Traceback (most recent call last):
  File "/home/runner/work/stock-pool/stock-pool/scripts/run_selection.py", line 212, in execute
    rows, pro = fetch_daily(target_day.strftime("%Y%m%d"))
                ^^^^^^^^^^^^^^^^^^^^^^^^^^^^^^^^^^^^^^^^^^
  File "/home/runner/work/stock-pool/stock-pool/scripts/run_selection.py", line 63, in fetch_daily
    data = _request({"pn": 1, "pz": 6000, "po": 1, "np": 1, "fltt": 2, "fid": "f3", "fs": "m:0+t:6,m:0+t:13,m:0+t:80,m:1+t:2,m:1+t:23", "fields": "f2,f3,f6,f12,f13,f14,f15,f16"})
           ^^^^^^^^^^^^^^^^^^^^^^^^^^^^^^^^^^^^^^^^^^^^^^^^^^^^^^^^^^^^^^^^^^^^^^^^^^^^^^^^^^^^^^^^^^^^^^^^^^^^^^^^^^^^^^^^^^^^^^^^^^^^^^^^^^^^^^^^^^^^^^^^^^^^^^^^^^^^^^^^^^^^^^^
  File "/home/runner/work/stock-pool/stock-pool/scripts/eastmoney_boards.py", line 23, in _request
    with urlopen(request, timeout=20) as response:  # nosec: fixed HTTPS endpoint
         ^^^^^^^^^^^^^^^^^^^^^^^^^^^^
  File "/opt/hostedtoolcache/Python/3.12.13/x64/lib/python3.12/urllib/request.py", line 215, in urlopen
    return opener.open(url, data, timeout)
           ^^^^^^^^^^^^^^^^^^^^^^^^^^^^^^^
  File "/opt/hostedtoolcache/Python/3.12.13/x64/lib/python3.12/urllib/request.py", line 521, in open
    response = meth(req, response)
               ^^^^^^^^^^^^^^^^^^^
  File "/opt/hostedtoolcache/Python/3.12.13/x64/lib/python3.12/urllib/request.py", line 630, in http_response
    response = self.parent.error(
               ^^^^^^^^^^^^^^^^^^
  File "/opt/hostedtoolcache/Python/3.12.13/x64/lib/python3.12/urllib/request.py", line 559, in error
    return self._call_chain(*args)
           ^^^^^^^^^^^^^^^^^^^^^^^
  File "/opt/hostedtoolcache/Python/3.12.13/x64/lib/python3.12/urllib/request.py", line 492, in _call_chain
    result = func(*args)
             ^^^^^^^^^^^
  File "/opt/hostedtoolcache/Python/3.12.13/x64/lib/python3.12/urllib/request.py", line 639, in http_error_default
    raise HTTPError(req.full_url, code, msg, hdrs, fp)
urllib.error.HTTPError: HTTP Error 502: Bad Gateway
2026-08-16 02:26:14,366 ERROR selection attempt failed
Traceback (most recent call last):
  File "/home/runner/work/stock-pool/stock-pool/scripts/run_selection.py", line 212, in execute
    rows, pro = fetch_daily(target_day.strftime("%Y%m%d"))
                ^^^^^^^^^^^^^^^^^^^^^^^^^^^^^^^^^^^^^^^^^^
  File "/home/runner/work/stock-pool/stock-pool/scripts/run_selection.py", line 63, in fetch_daily
    data = _request({"pn": 1, "pz": 6000, "po": 1, "np": 1, "fltt": 2, "fid": "f3", "fs": "m:0+t:6,m:0+t:13,m:0+t:80,m:1+t:2,m:1+t:23", "fields": "f2,f3,f6,f12,f13,f14,f15,f16"})
           ^^^^^^^^^^^^^^^^^^^^^^^^^^^^^^^^^^^^^^^^^^^^^^^^^^^^^^^^^^^^^^^^^^^^^^^^^^^^^^^^^^^^^^^^^^^^^^^^^^^^^^^^^^^^^^^^^^^^^^^^^^^^^^^^^^^^^^^^^^^^^^^^^^^^^^^^^^^^^^^^^^^^^^^
  File "/home/runner/work/stock-pool/stock-pool/scripts/eastmoney_boards.py", line 23, in _request
    with urlopen(request, timeout=20) as response:  # nosec: fixed HTTPS endpoint
         ^^^^^^^^^^^^^^^^^^^^^^^^^^^^
  File "/opt/hostedtoolcache/Python/3.12.13/x64/lib/python3.12/urllib/request.py", line 215, in urlopen
    return opener.open(url, data, timeout)
           ^^^^^^^^^^^^^^^^^^^^^^^^^^^^^^^
  File "/opt/hostedtoolcache/Python/3.12.13/x64/lib/python3.12/urllib/request.py", line 521, in open
    response = meth(req, response)
               ^^^^^^^^^^^^^^^^^^^
  File "/opt/hostedtoolcache/Python/3.12.13/x64/lib/python3.12/urllib/request.py", line 630, in http_response
    response = self.parent.error(
               ^^^^^^^^^^^^^^^^^^
  File "/opt/hostedtoolcache/Python/3.12.13/x64/lib/python3.12/urllib/request.py", line 559, in error
    return self._call_chain(*args)
           ^^^^^^^^^^^^^^^^^^^^^^^
  File "/opt/hostedtoolcache/Python/3.12.13/x64/lib/python3.12/urllib/request.py", line 492, in _call_chain
    result = func(*args)
             ^^^^^^^^^^^
  File "/opt/hostedtoolcache/Python/3.12.13/x64/lib/python3.12/urllib/request.py", line 639, in http_error_default
    raise HTTPError(req.full_url, code, msg, hdrs, fp)
urllib.error.HTTPError: HTTP Error 502: Bad Gateway
2026-08-16 02:41:15,374 ERROR selection attempt failed
Traceback (most recent call last):
  File "/home/runner/work/stock-pool/stock-pool/scripts/run_selection.py", line 212, in execute
    rows, pro = fetch_daily(target_day.strftime("%Y%m%d"))
                ^^^^^^^^^^^^^^^^^^^^^^^^^^^^^^^^^^^^^^^^^^
  File "/home/runner/work/stock-pool/stock-pool/scripts/run_selection.py", line 63, in fetch_daily
    data = _request({"pn": 1, "pz": 6000, "po": 1, "np": 1, "fltt": 2, "fid": "f3", "fs": "m:0+t:6,m:0+t:13,m:0+t:80,m:1+t:2,m:1+t:23", "fields": "f2,f3,f6,f12,f13,f14,f15,f16"})
           ^^^^^^^^^^^^^^^^^^^^^^^^^^^^^^^^^^^^^^^^^^^^^^^^^^^^^^^^^^^^^^^^^^^^^^^^^^^^^^^^^^^^^^^^^^^^^^^^^^^^^^^^^^^^^^^^^^^^^^^^^^^^^^^^^^^^^^^^^^^^^^^^^^^^^^^^^^^^^^^^^^^^^^^
  File "/home/runner/work/stock-pool/stock-pool/scripts/eastmoney_boards.py", line 23, in _request
    with urlopen(request, timeout=20) as response:  # nosec: fixed HTTPS endpoint
         ^^^^^^^^^^^^^^^^^^^^^^^^^^^^
  File "/opt/hostedtoolcache/Python/3.12.13/x64/lib/python3.12/urllib/request.py", line 215, in urlopen
    return opener.open(url, data, timeout)
           ^^^^^^^^^^^^^^^^^^^^^^^^^^^^^^^
  File "/opt/hostedtoolcache/Python/3.12.13/x64/lib/python3.12/urllib/request.py", line 521, in open
    response = meth(req, response)
               ^^^^^^^^^^^^^^^^^^^
  File "/opt/hostedtoolcache/Python/3.12.13/x64/lib/python3.12/urllib/request.py", line 630, in http_response
    response = self.parent.error(
               ^^^^^^^^^^^^^^^^^^
  File "/opt/hostedtoolcache/Python/3.12.13/x64/lib/python3.12/urllib/request.py", line 559, in error
    return self._call_chain(*args)
           ^^^^^^^^^^^^^^^^^^^^^^^
  File "/opt/hostedtoolcache/Python/3.12.13/x64/lib/python3.12/urllib/request.py", line 492, in _call_chain
    result = func(*args)
             ^^^^^^^^^^^
  File "/opt/hostedtoolcache/Python/3.12.13/x64/lib/python3.12/urllib/request.py", line 639, in http_error_default
    raise HTTPError(req.full_url, code, msg, hdrs, fp)
urllib.error.HTTPError: HTTP Error 502: Bad Gateway
2026-08-16 03:11:16,369 ERROR selection attempt failed
Traceback (most recent call last):
  File "/home/runner/work/stock-pool/stock-pool/scripts/run_selection.py", line 212, in execute
    rows, pro = fetch_daily(target_day.strftime("%Y%m%d"))
                ^^^^^^^^^^^^^^^^^^^^^^^^^^^^^^^^^^^^^^^^^^
  File "/home/runner/work/stock-pool/stock-pool/scripts/run_selection.py", line 63, in fetch_daily
    data = _request({"pn": 1, "pz": 6000, "po": 1, "np": 1, "fltt": 2, "fid": "f3", "fs": "m:0+t:6,m:0+t:13,m:0+t:80,m:1+t:2,m:1+t:23", "fields": "f2,f3,f6,f12,f13,f14,f15,f16"})
           ^^^^^^^^^^^^^^^^^^^^^^^^^^^^^^^^^^^^^^^^^^^^^^^^^^^^^^^^^^^^^^^^^^^^^^^^^^^^^^^^^^^^^^^^^^^^^^^^^^^^^^^^^^^^^^^^^^^^^^^^^^^^^^^^^^^^^^^^^^^^^^^^^^^^^^^^^^^^^^^^^^^^^^^
  File "/home/runner/work/stock-pool/stock-pool/scripts/eastmoney_boards.py", line 23, in _request
    with urlopen(request, timeout=20) as response:  # nosec: fixed HTTPS endpoint
         ^^^^^^^^^^^^^^^^^^^^^^^^^^^^
  File "/opt/hostedtoolcache/Python/3.12.13/x64/lib/python3.12/urllib/request.py", line 215, in urlopen
    return opener.open(url, data, timeout)
           ^^^^^^^^^^^^^^^^^^^^^^^^^^^^^^^
  File "/opt/hostedtoolcache/Python/3.12.13/x64/lib/python3.12/urllib/request.py", line 521, in open
    response = meth(req, response)
               ^^^^^^^^^^^^^^^^^^^
  File "/opt/hostedtoolcache/Python/3.12.13/x64/lib/python3.12/urllib/request.py", line 630, in http_response
    response = self.parent.error(
               ^^^^^^^^^^^^^^^^^^
  File "/opt/hostedtoolcache/Python/3.12.13/x64/lib/python3.12/urllib/request.py", line 559, in error
    return self._call_chain(*args)
           ^^^^^^^^^^^^^^^^^^^^^^^
  File "/opt/hostedtoolcache/Python/3.12.13/x64/lib/python3.12/urllib/request.py", line 492, in _call_chain
    result = func(*args)
             ^^^^^^^^^^^
  File "/opt/hostedtoolcache/Python/3.12.13/x64/lib/python3.12/urllib/request.py", line 639, in http_error_default
    raise HTTPError(req.full_url, code, msg, hdrs, fp)
urllib.error.HTTPError: HTTP Error 502: Bad Gateway
2026-08-16 07:09:41,205 ERROR selection attempt failed
Traceback (most recent call last):
  File "/home/runner/work/stock-pool/stock-pool/scripts/run_selection.py", line 212, in execute
    rows, pro = fetch_daily(target_day.strftime("%Y%m%d"))
                ^^^^^^^^^^^^^^^^^^^^^^^^^^^^^^^^^^^^^^^^^^
  File "/home/runner/work/stock-pool/stock-pool/scripts/run_selection.py", line 63, in fetch_daily
    data = _request({"pn": 1, "pz": 6000, "po": 1, "np": 1, "fltt": 2, "fid": "f3", "fs": "m:0+t:6,m:0+t:13,m:0+t:80,m:1+t:2,m:1+t:23", "fields": "f2,f3,f6,f12,f13,f14,f15,f16"})
           ^^^^^^^^^^^^^^^^^^^^^^^^^^^^^^^^^^^^^^^^^^^^^^^^^^^^^^^^^^^^^^^^^^^^^^^^^^^^^^^^^^^^^^^^^^^^^^^^^^^^^^^^^^^^^^^^^^^^^^^^^^^^^^^^^^^^^^^^^^^^^^^^^^^^^^^^^^^^^^^^^^^^^^^
  File "/home/runner/work/stock-pool/stock-pool/scripts/eastmoney_boards.py", line 23, in _request
    with urlopen(request, timeout=20) as response:  # nosec: fixed HTTPS endpoint
         ^^^^^^^^^^^^^^^^^^^^^^^^^^^^
  File "/opt/hostedtoolcache/Python/3.12.13/x64/lib/python3.12/urllib/request.py", line 215, in urlopen
    return opener.open(url, data, timeout)
           ^^^^^^^^^^^^^^^^^^^^^^^^^^^^^^^
  File "/opt/hostedtoolcache/Python/3.12.13/x64/lib/python3.12/urllib/request.py", line 521, in open
    response = meth(req, response)
               ^^^^^^^^^^^^^^^^^^^
  File "/opt/hostedtoolcache/Python/3.12.13/x64/lib/python3.12/urllib/request.py", line 630, in http_response
    response = self.parent.error(
               ^^^^^^^^^^^^^^^^^^
  File "/opt/hostedtoolcache/Python/3.12.13/x64/lib/python3.12/urllib/request.py", line 559, in error
    return self._call_chain(*args)
           ^^^^^^^^^^^^^^^^^^^^^^^
  File "/opt/hostedtoolcache/Python/3.12.13/x64/lib/python3.12/urllib/request.py", line 492, in _call_chain
    result = func(*args)
             ^^^^^^^^^^^
  File "/opt/hostedtoolcache/Python/3.12.13/x64/lib/python3.12/urllib/request.py", line 639, in http_error_default
    raise HTTPError(req.full_url, code, msg, hdrs, fp)
urllib.error.HTTPError: HTTP Error 502: Bad Gateway
2026-08-16 07:10:02,514 ERROR selection attempt failed
Traceback (most recent call last):
  File "/home/runner/work/stock-pool/stock-pool/scripts/run_selection.py", line 212, in execute
    rows, pro = fetch_daily(target_day.strftime("%Y%m%d"))
                ^^^^^^^^^^^^^^^^^^^^^^^^^^^^^^^^^^^^^^^^^^
  File "/home/runner/work/stock-pool/stock-pool/scripts/run_selection.py", line 63, in fetch_daily
    data = _request({"pn": 1, "pz": 6000, "po": 1, "np": 1, "fltt": 2, "fid": "f3", "fs": "m:0+t:6,m:0+t:13,m:0+t:80,m:1+t:2,m:1+t:23", "fields": "f2,f3,f6,f12,f13,f14,f15,f16"})
           ^^^^^^^^^^^^^^^^^^^^^^^^^^^^^^^^^^^^^^^^^^^^^^^^^^^^^^^^^^^^^^^^^^^^^^^^^^^^^^^^^^^^^^^^^^^^^^^^^^^^^^^^^^^^^^^^^^^^^^^^^^^^^^^^^^^^^^^^^^^^^^^^^^^^^^^^^^^^^^^^^^^^^^^
  File "/home/runner/work/stock-pool/stock-pool/scripts/eastmoney_boards.py", line 23, in _request
    with urlopen(request, timeout=20) as response:  # nosec: fixed HTTPS endpoint
         ^^^^^^^^^^^^^^^^^^^^^^^^^^^^
  File "/opt/hostedtoolcache/Python/3.12.13/x64/lib/python3.12/urllib/request.py", line 215, in urlopen
    return opener.open(url, data, timeout)
           ^^^^^^^^^^^^^^^^^^^^^^^^^^^^^^^
  File "/opt/hostedtoolcache/Python/3.12.13/x64/lib/python3.12/urllib/request.py", line 521, in open
    response = meth(req, response)
               ^^^^^^^^^^^^^^^^^^^
  File "/opt/hostedtoolcache/Python/3.12.13/x64/lib/python3.12/urllib/request.py", line 630, in http_response
    response = self.parent.error(
               ^^^^^^^^^^^^^^^^^^
  File "/opt/hostedtoolcache/Python/3.12.13/x64/lib/python3.12/urllib/request.py", line 559, in error
    return self._call_chain(*args)
           ^^^^^^^^^^^^^^^^^^^^^^^
  File "/opt/hostedtoolcache/Python/3.12.13/x64/lib/python3.12/urllib/request.py", line 492, in _call_chain
    result = func(*args)
             ^^^^^^^^^^^
  File "/opt/hostedtoolcache/Python/3.12.13/x64/lib/python3.12/urllib/request.py", line 639, in http_error_default
    raise HTTPError(req.full_url, code, msg, hdrs, fp)
urllib.error.HTTPError: HTTP Error 502: Bad Gateway
2026-08-16 07:11:03,720 ERROR selection attempt failed
Traceback (most recent call last):
  File "/home/runner/work/stock-pool/stock-pool/scripts/run_selection.py", line 212, in execute
    rows, pro = fetch_daily(target_day.strftime("%Y%m%d"))
                ^^^^^^^^^^^^^^^^^^^^^^^^^^^^^^^^^^^^^^^^^^
  File "/home/runner/work/stock-pool/stock-pool/scripts/run_selection.py", line 63, in fetch_daily
    data = _request({"pn": 1, "pz": 6000, "po": 1, "np": 1, "fltt": 2, "fid": "f3", "fs": "m:0+t:6,m:0+t:13,m:0+t:80,m:1+t:2,m:1+t:23", "fields": "f2,f3,f6,f12,f13,f14,f15,f16"})
           ^^^^^^^^^^^^^^^^^^^^^^^^^^^^^^^^^^^^^^^^^^^^^^^^^^^^^^^^^^^^^^^^^^^^^^^^^^^^^^^^^^^^^^^^^^^^^^^^^^^^^^^^^^^^^^^^^^^^^^^^^^^^^^^^^^^^^^^^^^^^^^^^^^^^^^^^^^^^^^^^^^^^^^^
  File "/home/runner/work/stock-pool/stock-pool/scripts/eastmoney_boards.py", line 23, in _request
    with urlopen(request, timeout=20) as response:  # nosec: fixed HTTPS endpoint
         ^^^^^^^^^^^^^^^^^^^^^^^^^^^^
  File "/opt/hostedtoolcache/Python/3.12.13/x64/lib/python3.12/urllib/request.py", line 215, in urlopen
    return opener.open(url, data, timeout)
           ^^^^^^^^^^^^^^^^^^^^^^^^^^^^^^^
  File "/opt/hostedtoolcache/Python/3.12.13/x64/lib/python3.12/urllib/request.py", line 521, in open
    response = meth(req, response)
               ^^^^^^^^^^^^^^^^^^^
  File "/opt/hostedtoolcache/Python/3.12.13/x64/lib/python3.12/urllib/request.py", line 630, in http_response
    response = self.parent.error(
               ^^^^^^^^^^^^^^^^^^
  File "/opt/hostedtoolcache/Python/3.12.13/x64/lib/python3.12/urllib/request.py", line 559, in error
    return self._call_chain(*args)
           ^^^^^^^^^^^^^^^^^^^^^^^
  File "/opt/hostedtoolcache/Python/3.12.13/x64/lib/python3.12/urllib/request.py", line 492, in _call_chain
    result = func(*args)
             ^^^^^^^^^^^
  File "/opt/hostedtoolcache/Python/3.12.13/x64/lib/python3.12/urllib/request.py", line 639, in http_error_default
    raise HTTPError(req.full_url, code, msg, hdrs, fp)
urllib.error.HTTPError: HTTP Error 502: Bad Gateway
2026-08-16 07:53:53,001 WARNING AKShare 全市场行情不可用，切换备用源：行情覆盖不足（仅 0 只）
2026-08-17 10:18:55,169 WARNING AKShare 全市场行情不可用，切换备用源：行情覆盖不足（仅 0 只）
2026-08-18 10:04:03,763 WARNING AKShare 全市场行情不可用，切换备用源：行情覆盖不足（仅 0 只）
2026-08-18 10:04:21,851 WARNING 新浪全市场行情不可用，切换备用源：新浪行情覆盖不足（仅 1520 只）
2026-08-18 10:04:22,925 WARNING 东方财富全市场行情不可用：HTTP Error 502: Bad Gateway
2026-08-18 10:04:22,925 ERROR selection attempt failed
Traceback (most recent call last):
  File "/home/runner/work/stock-pool/stock-pool/scripts/run_selection.py", line 247, in execute
    rows, pro, source = fetch_daily(target_day.strftime("%Y%m%d"))
                        ^^^^^^^^^^^^^^^^^^^^^^^^^^^^^^^^^^^^^^^^^^
  File "/home/runner/work/stock-pool/stock-pool/scripts/run_selection.py", line 95, in fetch_daily
    raise RuntimeError("；".join(errors))
RuntimeError: AKShare：行情覆盖不足（仅 0 只）；新浪：新浪行情覆盖不足（仅 1520 只）；东方财富：HTTP Error 502: Bad Gateway
2026-08-18 10:04:43,833 WARNING AKShare 全市场行情不可用，切换备用源：Can not decode value starting with character '<'
2026-08-18 10:04:58,568 WARNING 新浪全市场行情不可用，切换备用源：新浪行情覆盖不足（仅 0 只）
2026-08-18 10:04:59,636 WARNING 东方财富全市场行情不可用：HTTP Error 502: Bad Gateway
2026-08-18 10:04:59,636 ERROR selection attempt failed
Traceback (most recent call last):
  File "/home/runner/work/stock-pool/stock-pool/scripts/run_selection.py", line 247, in execute
    rows, pro, source = fetch_daily(target_day.strftime("%Y%m%d"))
                        ^^^^^^^^^^^^^^^^^^^^^^^^^^^^^^^^^^^^^^^^^^
  File "/home/runner/work/stock-pool/stock-pool/scripts/run_selection.py", line 95, in fetch_daily
    raise RuntimeError("；".join(errors))
RuntimeError: AKShare：Can not decode value starting with character '<'；新浪：新浪行情覆盖不足（仅 0 只）；东方财富：HTTP Error 502: Bad Gateway
2026-08-18 10:06:01,777 WARNING AKShare 全市场行情不可用，切换备用源：Can not decode value starting with character '<'
2026-08-18 10:06:17,490 WARNING 新浪全市场行情不可用，切换备用源：新浪行情覆盖不足（仅 0 只）
2026-08-18 10:06:37,748 WARNING 东方财富全市场行情不可用：<urlopen error _ssl.c:993: The handshake operation timed out>
2026-08-18 10:06:37,749 ERROR selection attempt failed
Traceback (most recent call last):
  File "/home/runner/work/stock-pool/stock-pool/scripts/run_selection.py", line 247, in execute
    rows, pro, source = fetch_daily(target_day.strftime("%Y%m%d"))
                        ^^^^^^^^^^^^^^^^^^^^^^^^^^^^^^^^^^^^^^^^^^
  File "/home/runner/work/stock-pool/stock-pool/scripts/run_selection.py", line 95, in fetch_daily
    raise RuntimeError("；".join(errors))
RuntimeError: AKShare：Can not decode value starting with character '<'；新浪：新浪行情覆盖不足（仅 0 只）；东方财富：<urlopen error _ssl.c:993: The handshake operation timed out>
2026-08-19 10:04:32,292 WARNING AKShare 全市场行情不可用，切换备用源：行情覆盖不足（仅 0 只）
2026-08-19 10:04:48,946 WARNING 新浪全市场行情不可用，切换备用源：新浪行情覆盖不足（仅 2240 只）
2026-08-20 10:16:04,970 WARNING AKShare 全市场行情不可用，切换备用源：行情覆盖不足（仅 0 只）
2026-08-21 10:16:44,486 WARNING AKShare 全市场行情不可用，切换备用源：行情覆盖不足（仅 0 只）
2026-08-24 11:00:20,565 WARNING AKShare 全市场行情不可用，切换备用源：行情覆盖不足（仅 0 只）
2026-08-24 11:00:38,395 WARNING 新浪全市场行情不可用，切换备用源：新浪行情覆盖不足（仅 2313 只）
2026-08-25 10:18:54,822 WARNING AKShare 全市场行情不可用，切换备用源：行情覆盖不足（仅 0 只）
2026-08-25 10:19:13,449 WARNING 新浪全市场行情不可用，切换备用源：新浪行情覆盖不足（仅 1440 只）
2026-08-25 10:19:14,729 WARNING 东方财富全市场行情不可用：HTTP Error 502: Bad Gateway
2026-08-25 10:19:14,729 ERROR selection attempt failed
Traceback (most recent call last):
  File "/home/runner/work/stock-pool/stock-pool/scripts/run_selection.py", line 247, in execute
    rows, pro, source = fetch_daily(target_day.strftime("%Y%m%d"))
                        ^^^^^^^^^^^^^^^^^^^^^^^^^^^^^^^^^^^^^^^^^^
  File "/home/runner/work/stock-pool/stock-pool/scripts/run_selection.py", line 95, in fetch_daily
    raise RuntimeError("；".join(errors))
RuntimeError: AKShare：行情覆盖不足（仅 0 只）；新浪：新浪行情覆盖不足（仅 1440 只）；东方财富：HTTP Error 502: Bad Gateway
2026-08-25 10:19:35,805 WARNING AKShare 全市场行情不可用，切换备用源：Can not decode value starting with character '<'
2026-08-25 10:19:53,004 WARNING 新浪全市场行情不可用，切换备用源：新浪行情覆盖不足（仅 0 只）
2026-08-25 10:19:54,296 WARNING 东方财富全市场行情不可用：HTTP Error 502: Bad Gateway
2026-08-25 10:19:54,296 ERROR selection attempt failed
Traceback (most recent call last):
  File "/home/runner/work/stock-pool/stock-pool/scripts/run_selection.py", line 247, in execute
    rows, pro, source = fetch_daily(target_day.strftime("%Y%m%d"))
                        ^^^^^^^^^^^^^^^^^^^^^^^^^^^^^^^^^^^^^^^^^^
  File "/home/runner/work/stock-pool/stock-pool/scripts/run_selection.py", line 95, in fetch_daily
    raise RuntimeError("；".join(errors))
RuntimeError: AKShare：Can not decode value starting with character '<'；新浪：新浪行情覆盖不足（仅 0 只）；东方财富：HTTP Error 502: Bad Gateway
2026-08-25 10:20:55,556 WARNING AKShare 全市场行情不可用，切换备用源：Can not decode value starting with character '<'
2026-08-25 10:21:13,406 WARNING 新浪全市场行情不可用，切换备用源：新浪行情覆盖不足（仅 0 只）
2026-08-25 10:21:14,668 WARNING 东方财富全市场行情不可用：HTTP Error 502: Bad Gateway
2026-08-25 10:21:14,668 ERROR selection attempt failed
Traceback (most recent call last):
  File "/home/runner/work/stock-pool/stock-pool/scripts/run_selection.py", line 247, in execute
    rows, pro, source = fetch_daily(target_day.strftime("%Y%m%d"))
                        ^^^^^^^^^^^^^^^^^^^^^^^^^^^^^^^^^^^^^^^^^^
  File "/home/runner/work/stock-pool/stock-pool/scripts/run_selection.py", line 95, in fetch_daily
    raise RuntimeError("；".join(errors))
RuntimeError: AKShare：Can not decode value starting with character '<'；新浪：新浪行情覆盖不足（仅 0 只）；东方财富：HTTP Error 502: Bad Gateway
2026-08-26 10:56:59,889 WARNING AKShare 全市场行情不可用，切换备用源：行情覆盖不足（仅 0 只）
2026-08-26 10:57:16,519 WARNING 新浪全市场行情不可用，切换备用源：新浪行情覆盖不足（仅 2473 只）
2026-08-26 10:57:17,615 WARNING 东方财富全市场行情不可用：HTTP Error 502: Bad Gateway
2026-08-26 10:57:17,615 ERROR selection attempt failed
Traceback (most recent call last):
  File "/home/runner/work/stock-pool/stock-pool/scripts/run_selection.py", line 247, in execute
    rows, pro, source = fetch_daily(target_day.strftime("%Y%m%d"))
                        ^^^^^^^^^^^^^^^^^^^^^^^^^^^^^^^^^^^^^^^^^^
  File "/home/runner/work/stock-pool/stock-pool/scripts/run_selection.py", line 95, in fetch_daily
    raise RuntimeError("；".join(errors))
RuntimeError: AKShare：行情覆盖不足（仅 0 只）；新浪：新浪行情覆盖不足（仅 2473 只）；东方财富：HTTP Error 502: Bad Gateway
2026-08-26 10:57:38,638 WARNING AKShare 全市场行情不可用，切换备用源：Can not decode value starting with character '<'
2026-08-26 10:57:51,985 WARNING 新浪全市场行情不可用，切换备用源：新浪行情覆盖不足（仅 0 只）
2026-08-26 10:57:52,979 WARNING 东方财富全市场行情不可用：HTTP Error 502: Bad Gateway
2026-08-26 10:57:52,979 ERROR selection attempt failed
Traceback (most recent call last):
  File "/home/runner/work/stock-pool/stock-pool/scripts/run_selection.py", line 247, in execute
    rows, pro, source = fetch_daily(target_day.strftime("%Y%m%d"))
                        ^^^^^^^^^^^^^^^^^^^^^^^^^^^^^^^^^^^^^^^^^^
  File "/home/runner/work/stock-pool/stock-pool/scripts/run_selection.py", line 95, in fetch_daily
    raise RuntimeError("；".join(errors))
RuntimeError: AKShare：Can not decode value starting with character '<'；新浪：新浪行情覆盖不足（仅 0 只）；东方财富：HTTP Error 502: Bad Gateway
2026-08-26 10:58:55,094 WARNING AKShare 全市场行情不可用，切换备用源：Can not decode value starting with character '<'
2026-08-26 10:59:08,596 WARNING 新浪全市场行情不可用，切换备用源：新浪行情覆盖不足（仅 0 只）
2026-08-26 10:59:09,653 WARNING 东方财富全市场行情不可用：HTTP Error 502: Bad Gateway
2026-08-26 10:59:09,653 ERROR selection attempt failed
Traceback (most recent call last):
  File "/home/runner/work/stock-pool/stock-pool/scripts/run_selection.py", line 247, in execute
    rows, pro, source = fetch_daily(target_day.strftime("%Y%m%d"))
                        ^^^^^^^^^^^^^^^^^^^^^^^^^^^^^^^^^^^^^^^^^^
  File "/home/runner/work/stock-pool/stock-pool/scripts/run_selection.py", line 95, in fetch_daily
    raise RuntimeError("；".join(errors))
RuntimeError: AKShare：Can not decode value starting with character '<'；新浪：新浪行情覆盖不足（仅 0 只）；东方财富：HTTP Error 502: Bad Gateway
